// Jest Snapshot v1, https://goo.gl/fbAQLP

exports[`buildDAG should return correct built order 1`] = `
Array [
  "f",
  "a",
  "b",
  "d",
  "c",
  "e",
]
`;
